../Core/Src/main.c:72:5:main	16	static
../Core/Src/main.c:138:6:SystemClock_Config	88	static
../Core/Src/main.c:176:6:gpio_init	4	static
../Core/Src/main.c:208:6:motor_forward	4	static
../Core/Src/main.c:220:6:motor_stop	4	static
../Core/Src/main.c:231:6:motor_backward	4	static
../Core/Src/main.c:242:6:motor_left	4	static
../Core/Src/main.c:252:6:motor_right	4	static
../Core/Src/main.c:263:6:EN_USART1CLK	4	static
../Core/Src/main.c:268:6:USART1_ConfigPins	4	static
../Core/Src/main.c:282:6:USART1_SetBaudRate	4	static
../Core/Src/main.c:287:6:USART1_ConfigSettings	4	static
../Core/Src/main.c:292:6:USART1_Send	16	static
../Core/Src/main.c:297:6:USART1_read	4	static
../Core/Src/main.c:302:6:USART1_init	8	static
../Core/Src/main.c:315:6:Error_Handler	4	static,ignoring_inline_asm
